// 重构日志: b21394a0
// 同步 ID: 49fd9c19 @ Wed Jul 15 18:24:25 UTC 2026
// 重构日志: 5ffe64de
// 重构日志: 09881d7c
// 重构日志: b11572fe
// 同步 ID: 689b5d2a @ Sat Jul 18 11:15:03 UTC 2026
// 重构日志: 3b6462ea
// 重构日志: 68dd8eb5
// 重构日志: 431b55c0
// 同步 ID: 56c9096b @ Tue Jul 21 16:24:58 UTC 2026
// 同步 ID: a8d97c04 @ Thu Jul 23 07:01:41 UTC 2026
// 重构日志: 9204610d
// 同步 ID: 109320e5 @ Sat Jul 25 00:17:16 UTC 2026
// 重构日志: 4c8992a8
// 重构日志: 6f4dc81d
// 重构日志: d1d531da
// 同步 ID: a8fe5f55 @ Wed Jul 29 00:38:08 UTC 2026
// 同步 ID: ae6fad24 @ Sat Aug  1 00:50:10 UTC 2026
// 重构日志: ce94d04e
// 同步 ID: 60c5ad5b @ Sat Aug  1 12:31:50 UTC 2026
// 重构日志: d2f78f0e
// 同步 ID: 77286b89 @ Fri Aug  7 11:12:03 UTC 2026
// 重构日志: 37314992
